Archive member included to satisfy reference by file (symbol)

/home/matt/Development/code/st/embedded studio/Untethered Prototype/../STM32F4MDG/Output/Debug/Exe/STM32F4MDG.a(usart.o)
                              Output/Untethered Prototype Debug/Obj/main.o (USART::Usart::Usart(unsigned int, util::circular_buffer<unsigned char>*))
/home/matt/Development/code/st/embedded studio/Untethered Prototype/../STM32F4MDG/Output/Debug/Exe/STM32F4MDG.a(i2c.o)
                              Output/Untethered Prototype Debug/Obj/main.o (I2CMaster::I2CMaster(unsigned int))
/home/matt/Development/code/st/embedded studio/Untethered Prototype/../STM32F4MDG/Output/Debug/Exe/STM32F4MDG.a(adc.o)
                              Output/Untethered Prototype Debug/Obj/main.o (ADC_INT::ADC_INT(unsigned int))
/usr/share/segger_embedded_studio_for_arm_4.16a/lib/libc_v7em_fpv4_sp_d16_hard_t_le_eabi.a(libc2.o)
                              Output/Untethered Prototype Debug/Obj/SEGGER_RTT_SES.o (vsnprintf)
/usr/share/segger_embedded_studio_for_arm_4.16a/lib/libc_v7em_fpv4_sp_d16_hard_t_le_eabi.a(libc2_asm.o)
                              Output/Untethered Prototype Debug/Obj/SEGGER_RTT.o (memcpy)
/usr/share/segger_embedded_studio_for_arm_4.16a/lib/libc_v7em_fpv4_sp_d16_hard_t_le_eabi.a(libc.o)
                              /usr/share/segger_embedded_studio_for_arm_4.16a/lib/libc_v7em_fpv4_sp_d16_hard_t_le_eabi.a(libc2.o) (__heap_lock)
/usr/share/segger_embedded_studio_for_arm_4.16a/lib/libc_v7em_fpv4_sp_d16_hard_t_le_eabi.a(libc_asm.o)
                              /usr/share/segger_embedded_studio_for_arm_4.16a/lib/libc_v7em_fpv4_sp_d16_hard_t_le_eabi.a(libc2.o) (__aeabi_uldivmod)
/usr/share/segger_embedded_studio_for_arm_4.16a/lib/libcpp_v7em_fpv4_sp_d16_hard_t_le_eabi.a(new.o)
                              Output/Untethered Prototype Debug/Obj/interruptable.o (__cxa_pure_virtual)
/usr/share/segger_embedded_studio_for_arm_4.16a/lib/libdebugio_v7em_fpv4_sp_d16_hard_t_le_eabi.a(libdebugio.o)
                              Output/Untethered Prototype Debug/Obj/thumb_crt0.o (debug_fopen)
/usr/share/segger_embedded_studio_for_arm_4.16a/lib/libdebugio_mempoll_v7em_fpv4_sp_d16_hard_t_le_eabi.a(mempoll_debug_operations.o)
                              /usr/share/segger_embedded_studio_for_arm_4.16a/lib/libdebugio_v7em_fpv4_sp_d16_hard_t_le_eabi.a(libdebugio.o) (__do_debug_operation)
/usr/share/segger_embedded_studio_for_arm_4.16a/lib/libdebugio_mempoll_v7em_fpv4_sp_d16_hard_t_le_eabi.a(do_nv_debug_operation.o)
                              /usr/share/segger_embedded_studio_for_arm_4.16a/lib/libdebugio_v7em_fpv4_sp_d16_hard_t_le_eabi.a(libdebugio.o) (__do_nvdebug_operation)
/usr/share/segger_embedded_studio_for_arm_4.16a/lib/libm_v7em_fpv4_sp_d16_hard_t_le_eabi.a(libm_asm.o)
                              /usr/share/segger_embedded_studio_for_arm_4.16a/lib/libc_v7em_fpv4_sp_d16_hard_t_le_eabi.a(libc2.o) (__aeabi_i2d)
/usr/share/segger_embedded_studio_for_arm_4.16a/lib/libm_v7em_fpv4_sp_d16_hard_t_le_eabi.a(libm2.o)
                              /usr/share/segger_embedded_studio_for_arm_4.16a/lib/libvfprintf_v7em_fpv4_sp_d16_hard_t_le_eabi.o (frexp)
/usr/share/segger_embedded_studio_for_arm_4.16a/lib/libm_v7em_fpv4_sp_d16_hard_t_le_eabi.a(libm2_asm.o)
                              /usr/share/segger_embedded_studio_for_arm_4.16a/lib/libm_v7em_fpv4_sp_d16_hard_t_le_eabi.a(libm2.o) (fabs)

Discarded input sections

 .group         0x0000000000000000        0xc Output/Untethered Prototype Debug/Obj/system_stm32f4xx.o
 .group         0x0000000000000000        0xc Output/Untethered Prototype Debug/Obj/system_stm32f4xx.o
 .group         0x0000000000000000        0xc Output/Untethered Prototype Debug/Obj/system_stm32f4xx.o
 .group         0x0000000000000000        0xc Output/Untethered Prototype Debug/Obj/system_stm32f4xx.o
 .group         0x0000000000000000        0xc Output/Untethered Prototype Debug/Obj/system_stm32f4xx.o
 .group         0x0000000000000000        0xc Output/Untethered Prototype Debug/Obj/system_stm32f4xx.o
 .group         0x0000000000000000        0xc Output/Untethered Prototype Debug/Obj/system_stm32f4xx.o
 .group         0x0000000000000000        0xc Output/Untethered Prototype Debug/Obj/system_stm32f4xx.o
 .group         0x0000000000000000        0xc Output/Untethered Prototype Debug/Obj/system_stm32f4xx.o
 .text          0x0000000000000000        0x0 Output/Untethered Prototype Debug/Obj/system_stm32f4xx.o
 .data          0x0000000000000000        0x0 Output/Untethered Prototype Debug/Obj/system_stm32f4xx.o
 .bss           0x0000000000000000        0x0 Output/Untethered Prototype Debug/Obj/system_stm32f4xx.o
 .init          0x0000000000000000        0x0 Output/Untethered Prototype Debug/Obj/system_stm32f4xx.o
 .data.SystemCoreClock
                0x0000000000000000        0x4 Output/Untethered Prototype Debug/Obj/system_stm32f4xx.o
 .init_rodata.AHBPrescTable
[...]
Memory Configuration

Name             Origin             Length             Attributes
UNPLACED_SECTIONS 0x0000000100000000 0x0000000000000000 xw
RAM2             0x0000000020000000 0x0000000000020000 xw
RAM              0x0000000010000000 0x0000000000010000 xw
FLASH            0x0000000008000000 0x0000000000100000 xr
*default*        0x0000000000000000 0xffffffffffffffff

Linker script and memory map

                0x0000000000000000                __vfprintf = __vfprintf_int_nwp
                0x0000000000000000                __vfscanf = __vfscanf_int
                0x0000000020000000                __RAM2_segment_start__ = 0x20000000
                0x0000000020020000                __RAM2_segment_end__ = 0x20020000
                0x0000000000020000                __RAM2_segment_size__ = 0x20000
                0x0000000010000000                __RAM_segment_start__ = 0x10000000
                0x0000000010010000                __RAM_segment_end__ = 0x10010000
                0x0000000000010000                __RAM_segment_size__ = 0x10000
                0x0000000008000000                __FLASH_segment_start__ = 0x8000000
                0x0000000008100000                __FLASH_segment_end__ = 0x8100000
                0x0000000000100000                __FLASH_segment_size__ = 0x100000
                0x0000000000000100                __HEAPSIZE__ = 0x100
                0x0000000000000000                __STACKSIZE_PROCESS__ = 0x0
                0x0000000000000100                __STACKSIZE__ = 0x100
                0x0000000020000000                __data2_run_load_start__ = ALIGN (__RAM2_segment_start__, 0x4)

.data2_run      0x0000000020000000        0x0
                0x0000000020000000                __data2_run_start__ = .
 *(.data2_run .data2_run.*)
                0x0000000020000000                __data2_run_end__ = (__data2_run_start__ + SIZEOF (.data2_run))
                0x0000000000000000                __data2_run_size__ = SIZEOF (.data2_run)
                0x0000000020000000                __data2_run_load_end__ = __data2_run_end__
                0x0000000000000001                . = ASSERT (((__data2_run_start__ == __data2_run_end__) || ((__data2_run_end__ - __RAM2_segment_start__) <= __RAM2_segment_size__)), error: .data2_run is too large to fit in RAM2 memory segment)
                0x0000000020000000                __bss2_load_start__ = ALIGN (__data2_run_end__, 0x4)

.bss2           0x0000000020000000        0x0
                0x0000000020000000                __bss2_start__ = .
 *(.bss2 .bss2.*)
                0x0000000020000000                __bss2_end__ = (__bss2_start__ + SIZEOF (.bss2))
                0x0000000000000000                __bss2_size__ = SIZEOF (.bss2)
                0x0000000020000000                __bss2_load_end__ = __bss2_end__
                0x0000000020000000                __RAM2_segment_used_end__ = (ALIGN (__data2_run_end__, 0x4) + SIZEOF (.bss2))
                0x0000000000000000                __RAM2_segment_used_size__ = (__RAM2_segment_used_end__ - __RAM2_segment_start__)
                0x0000000000000001                . = ASSERT (((__bss2_start__ == __bss2_end__) || ((__bss2_end__ - __RAM2_segment_start__) <= __RAM2_segment_size__)), error: .bss2 is too large to fit in RAM2 memory segment)
                0x0000000010000000                __vectors_ram_load_start__ = ALIGN (__RAM_segment_start__, 0x100)

.vectors_ram    0x0000000010000000        0x0
                0x0000000010000000                __vectors_ram_start__ = .
 *(.vectors_ram .vectors_ram.*)
                0x0000000010000000                __vectors_ram_end__ = (__vectors_ram_start__ + SIZEOF (.vectors_ram))
                0x0000000000000000                __vectors_ram_size__ = SIZEOF (.vectors_ram)
                0x0000000010000000                __vectors_ram_load_end__ = __vectors_ram_end__
                0x0000000000000001                . = ASSERT (((__vectors_ram_start__ == __vectors_ram_end__) || ((__vectors_ram_end__ - __RAM_segment_start__) <= __RAM_segment_size__)), error: .vectors_ram is too large to fit in RAM memory segment)
                0x0000000008000000                __vectors_load_start__ = ALIGN (__FLASH_segment_start__, 0x100)

.vectors        0x0000000008000000      0x188
                0x0000000008000000                __vectors_start__ = .
 *(.vectors .vectors.*)
 .vectors       0x0000000008000000      0x188 Output/Untethered Prototype Debug/Obj/STM32F40x_Vectors.o
                0x0000000008000000                _vectors
                0x0000000008000188                __vectors_end__ = (__vectors_start__ + SIZEOF (.vectors))
                0x0000000000000188                __vectors_size__ = SIZEOF (.vectors)
                0x0000000008000188                __vectors_load_end__ = __vectors_end__
                0x0000000000000001                . = ASSERT (((__vectors_start__ == __vectors_end__) || ((__vectors_end__ - __FLASH_segment_start__) <= __FLASH_segment_size__)), error: .vectors is too large to fit in FLASH memory segment)
                0x0000000008000188                __init_load_start__ = ALIGN (__vectors_end__, 0x4)

.init           0x0000000008000188      0x2a0
                0x0000000008000188                __init_start__ = .
 *(.init .init.*)
 .init.SystemInit
                0x0000000008000188       0x64 Output/Untethered Prototype Debug/Obj/system_stm32f4xx.o
                0x0000000008000188                SystemInit
 .init          0x00000000080001ec      0x154 Output/Untethered Prototype Debug/Obj/thumb_crt0.o
                0x00000000080001ec                _start
                0x000000000800029c                exit
 .init          0x0000000008000340       0x3c Output/Untethered Prototype Debug/Obj/STM32F4xx_Startup.o
                0x0000000008000340                Reset_Handler
 .init          0x000000000800037c       0xac Output/Untethered Prototype Debug/Obj/STM32F40x_Vectors.o
                0x000000000800037c                NMI_Handler
                0x000000000800037e                HardFault_Handler
                0x0000000008000380                SVC_Handler
                0x0000000008000382                PendSV_Handler
                0x0000000008000384                SysTick_Handler
                0x0000000008000388                WWDG_IRQHandler
                0x000000000800038a                PVD_IRQHandler
                0x000000000800038c                TAMP_STAMP_IRQHandler
                0x000000000800038e                RTC_WKUP_IRQHandler
                0x0000000008000390                RCC_IRQHandler
                0x0000000008000392                EXTI0_IRQHandler
                0x0000000008000394                EXTI1_IRQHandler
                0x0000000008000396                EXTI2_IRQHandler
                0x0000000008000398                EXTI3_IRQHandler
                0x000000000800039a                EXTI4_IRQHandler
                0x000000000800039c                DMA1_Stream0_IRQHandler
                0x000000000800039e                DMA1_Stream1_IRQHandler
                0x00000000080003a0                DMA1_Stream2_IRQHandler
                0x00000000080003a2                DMA1_Stream3_IRQHandler
                0x00000000080003a4                DMA1_Stream4_IRQHandler
                0x00000000080003a6                DMA1_Stream5_IRQHandler
                0x00000000080003a8                DMA1_Stream6_IRQHandler
                0x00000000080003aa                ADC_IRQHandler
                0x00000000080003ac                CAN1_TX_IRQHandler
                0x00000000080003ae                CAN1_RX0_IRQHandler
                0x00000000080003b0                CAN1_RX1_IRQHandler
                0x00000000080003b2                CAN1_SCE_IRQHandler
                0x00000000080003b4                EXTI9_5_IRQHandler
                0x00000000080003b6                TIM1_BRK_TIM9_IRQHandler
                0x00000000080003b8                TIM1_UP_TIM10_IRQHandler
                0x00000000080003ba                TIM1_TRG_COM_TIM11_IRQHandler
                0x00000000080003bc                TIM1_CC_IRQHandler
                0x00000000080003be                TIM2_IRQHandler
                0x00000000080003c0                TIM3_IRQHandler
                0x00000000080003c2                TIM4_IRQHandler
                0x00000000080003c8                I2C2_EV_IRQHandler
                0x00000000080003ca                I2C2_ER_IRQHandler
                0x00000000080003cc                SPI1_IRQHandler
                0x00000000080003ce                SPI2_IRQHandler
                0x00000000080003d4                USART3_IRQHandler
                0x00000000080003d6                EXTI15_10_IRQHandler
                0x00000000080003d8                RTC_Alarm_IRQHandler
                0x00000000080003da                OTG_FS_WKUP_IRQHandler
                0x00000000080003dc                TIM8_BRK_TIM12_IRQHandler
                0x00000000080003de                TIM8_UP_TIM13_IRQHandler
                0x00000000080003e0                TIM8_TRG_COM_TIM14_IRQHandler
                0x00000000080003e2                TIM8_CC_IRQHandler
                0x00000000080003e4                DMA1_Stream7_IRQHandler
                0x00000000080003e6                FSMC_IRQHandler
                0x00000000080003e8                SDIO_IRQHandler
                0x00000000080003ea                TIM5_IRQHandler
                0x00000000080003ec                SPI3_IRQHandler
                0x00000000080003ee                UART4_IRQHandler
                0x00000000080003f0                UART5_IRQHandler
                0x00000000080003f2                TIM6_DAC_IRQHandler
                0x00000000080003f4                TIM7_IRQHandler
                0x00000000080003f6                DMA2_Stream0_IRQHandler
                0x00000000080003f8                DMA2_Stream1_IRQHandler
                0x00000000080003fa                DMA2_Stream2_IRQHandler
                0x00000000080003fc                DMA2_Stream3_IRQHandler
                0x00000000080003fe                DMA2_Stream4_IRQHandler
                0x0000000008000400                ETH_IRQHandler
                0x0000000008000402                ETH_WKUP_IRQHandler
                0x0000000008000404                CAN2_TX_IRQHandler
                0x0000000008000406                CAN2_RX0_IRQHandler
                0x0000000008000408                CAN2_RX1_IRQHandler
                0x000000000800040a                CAN2_SCE_IRQHandler
                0x000000000800040c                OTG_FS_IRQHandler
                0x000000000800040e                DMA2_Stream5_IRQHandler
                0x0000000008000410                DMA2_Stream6_IRQHandler
                0x0000000008000412                DMA2_Stream7_IRQHandler
                0x0000000008000414                USART6_IRQHandler
                0x0000000008000416                I2C3_EV_IRQHandler
                0x0000000008000418                I2C3_ER_IRQHandler
                0x000000000800041a                OTG_HS_EP1_OUT_IRQHandler
                0x000000000800041c                OTG_HS_EP1_IN_IRQHandler
                0x000000000800041e                OTG_HS_WKUP_IRQHandler
                0x0000000008000420                OTG_HS_IRQHandler
                0x0000000008000422                DCMI_IRQHandler
                0x0000000008000424                FPU_IRQHandler
                0x0000000008000428                __init_end__ = (__init_start__ + SIZEOF (.init))
                0x00000000000002a0                __init_size__ = SIZEOF (.init)
                0x0000000008000428                __init_load_end__ = __init_end__
                0x0000000000000001                . = ASSERT (((__init_start__ == __init_end__) || ((__init_end__ - __FLASH_segment_start__) <= __FLASH_segment_size__)), error: .init is too large to fit in FLASH memory segment)
                0x0000000008000428                __init_rodata_load_start__ = ALIGN (__init_end__, 0x4)

.init_rodata    0x0000000008000428        0x0
                0x0000000008000428                __init_rodata_start__ = .
 *(.init_rodata .init_rodata.*)
                0x0000000008000428                __init_rodata_end__ = (__init_rodata_start__ + SIZEOF (.init_rodata))
                0x0000000000000000                __init_rodata_size__ = SIZEOF (.init_rodata)
                0x0000000008000428                __init_rodata_load_end__ = __init_rodata_end__
                0x0000000000000001                . = ASSERT (((__init_rodata_start__ == __init_rodata_end__) || ((__init_rodata_end__ - __FLASH_segment_start__) <= __FLASH_segment_size__)), error: .init_rodata is too large to fit in FLASH memory segment)
                0x0000000008000428                __text_load_start__ = ALIGN (__init_rodata_end__, 0x4)

.text           0x0000000008000428     0x1002
                0x0000000008000428                __text_start__ = .
 *(.text .text.* .glue_7t .glue_7 .gnu.linkonce.t.* .gcc_except_table .ARM.extab* .gnu.linkonce.armextab.*)
 .glue_7        0x0000000008000428        0x0 linker stubs
 .glue_7t       0x0000000008000428        0x0 linker stubs
 .text._ZN13interruptableC2Ev
                0x0000000008000428       0x18 Output/Untethered Prototype Debug/Obj/interruptable.o
                0x0000000008000428                interruptable::interruptable()
                0x0000000008000428                interruptable::interruptable()
 .text.I2C1_EV_IRQHandler
                0x0000000008000440       0x1c Output/Untethered Prototype Debug/Obj/interrupts.o
                0x0000000008000440                I2C1_EV_IRQHandler
 .text.I2C1_ER_IRQHandler
                0x000000000800045c       0x1c Output/Untethered Prototype Debug/Obj/interrupts.o
                0x000000000800045c                I2C1_ER_IRQHandler
 .text.USART1_IRQHandler
                0x0000000008000478       0x1c Output/Untethered Prototype Debug/Obj/interrupts.o
                0x0000000008000478                USART1_IRQHandler
 .text.USART2_IRQHandler
                0x0000000008000494       0x1c Output/Untethered Prototype Debug/Obj/interrupts.o
                0x0000000008000494                USART2_IRQHandler
 .text.NVIC_PriorityGroupConfig
                0x00000000080004b0       0x1c Output/Untethered Prototype Debug/Obj/misc.o
                0x00000000080004b0                NVIC_PriorityGroupConfig
 .text.NVIC_Init
                0x00000000080004cc       0xdc Output/Untethered Prototype Debug/Obj/misc.o
                0x00000000080004cc                NVIC_Init
 .text.main     0x00000000080005a8      0x16c Output/Untethered Prototype Debug/Obj/main.o
                0x00000000080005a8                main
 .text._Z5Delayj
                0x0000000008000714       0x20 Output/Untethered Prototype Debug/Obj/main.o
                0x0000000008000714                Delay(unsigned int)
 .text._ZN14dynamic_accessIjjE6reg_orEjj
                0x0000000008000734       0x18 Output/Untethered Prototype Debug/Obj/main.o
                0x0000000008000734                dynamic_access<unsigned int, unsigned int>::reg_or(unsigned int, unsigned int)
 .text._ZN4GPIOILj1073873920ELj13ELj1ELj0ELj1ELj0ELj0EEC2Ev
                0x000000000800074c       0x80 Output/Untethered Prototype Debug/Obj/main.o
                0x000000000800074c                GPIO<1073873920u, 13u, 1u, 0u, 1u, 0u, 0u>::GPIO()
                0x000000000800074c                GPIO<1073873920u, 13u, 1u, 0u, 1u, 0u, 0u>::GPIO()
 .text._ZN4util15circular_bufferIhEC2Eh
                0x00000000080007cc       0x2c Output/Untethered Prototype Debug/Obj/main.o
                0x00000000080007cc                util::circular_buffer<unsigned char>::circular_buffer(unsigned char)
                0x00000000080007cc                util::circular_buffer<unsigned char>::circular_buffer(unsigned char)
 .text._ZN4util15circular_bufferIhE5emptyEv
                0x00000000080007f8       0x20 Output/Untethered Prototype Debug/Obj/main.o
                0x00000000080007f8                util::circular_buffer<unsigned char>::empty()
 .text._ZN4util15circular_bufferIhE3getEv
                0x0000000008000818       0x40 Output/Untethered Prototype Debug/Obj/main.o
                0x0000000008000818                util::circular_buffer<unsigned char>::get()
 .text._ZNK4GPIOILj1073873920ELj13ELj1ELj0ELj1ELj0ELj0EE6toggleEv
                0x0000000008000858       0x12 Output/Untethered Prototype Debug/Obj/main.o
                0x0000000008000858                GPIO<1073873920u, 13u, 1u, 0u, 1u, 0u, 0u>::toggle() const
 *fill*         0x000000000800086a        0x2 
 .text._ZN10reg_accessIjjLj1073873924ELj0EE6reg_orEv
                0x000000000800086c       0x10 Output/Untethered Prototype Debug/Obj/main.o
                0x000000000800086c                reg_access<unsigned int, unsigned int, 1073873924u, 0u>::reg_or()
 .text._ZN10reg_accessIjjLj1073873940ELj4096EE7reg_xorEv
                0x000000000800087c       0x14 Output/Untethered Prototype Debug/Obj/main.o
                0x000000000800087c                reg_access<unsigned int, unsigned int, 1073873940u, 4096u>::reg_xor()
 .text.abort    0x0000000008000890        0x2 Output/Untethered Prototype Debug/Obj/thumb_crt0.o
                0x0000000008000890                abort
 *fill*         0x0000000008000892        0x2 
 .text._ZN11gpio_config8pinSetupEjjjjjjj
                0x0000000008000894      0x174 /home/matt/Development/code/st/embedded studio/Untethered Prototype/../STM32F4MDG/Output/Debug/Exe/STM32F4MDG.a(usart.o)
                0x0000000008000894                gpio_config::pinSetup(unsigned int, unsigned int, unsigned int, unsigned int, unsigned int, unsigned int, unsigned int)
 .text._ZN5USART5UsartC2EjPN4util15circular_bufferIhEE
                0x0000000008000a08       0x88 /home/matt/Development/code/st/embedded studio/Untethered Prototype/../STM32F4MDG/Output/Debug/Exe/STM32F4MDG.a(usart.o)
                0x0000000008000a08                USART::Usart::Usart(unsigned int, util::circular_buffer<unsigned char>*)
                0x0000000008000a08                USART::Usart::Usart(unsigned int, util::circular_buffer<unsigned char>*)
 .text._ZN5USART5Usart4initEv
                0x0000000008000a90      0x1f4 /home/matt/Development/code/st/embedded studio/Untethered Prototype/../STM32F4MDG/Output/Debug/Exe/STM32F4MDG.a(usart.o)
                0x0000000008000a90                USART::Usart::init()
 .text._ZN5USART5Usart17registerInterruptEv
                0x0000000008000c84       0x14 /home/matt/Development/code/st/embedded studio/Untethered Prototype/../STM32F4MDG/Output/Debug/Exe/STM32F4MDG.a(usart.o)
                0x0000000008000c84                USART::Usart::registerInterrupt()
 .text._ZN5USART5Usart16handleInterruptsEi
                0x0000000008000c98       0x56 /home/matt/Development/code/st/embedded studio/Untethered Prototype/../STM32F4MDG/Output/Debug/Exe/STM32F4MDG.a(usart.o)
                0x0000000008000c98                USART::Usart::handleInterrupts(int)
 .text._ZN5USART5Usart9sendBytesEh
                0x0000000008000cee       0x24 /home/matt/Development/code/st/embedded studio/Untethered Prototype/../STM32F4MDG/Output/Debug/Exe/STM32F4MDG.a(usart.o)
                0x0000000008000cee                USART::Usart::sendBytes(unsigned char)
 .text._ZN14dynamic_accessIjjE7reg_setEjj
                0x0000000008000d12       0x12 /home/matt/Development/code/st/embedded studio/Untethered Prototype/../STM32F4MDG/Output/Debug/Exe/STM32F4MDG.a(usart.o)
                0x0000000008000d12                dynamic_access<unsigned int, unsigned int>::reg_set(unsigned int, unsigned int)
 .text._ZN14dynamic_accessIjjE7reg_getEj
                0x0000000008000d24        0xe /home/matt/Development/code/st/embedded studio/Untethered Prototype/../STM32F4MDG/Output/Debug/Exe/STM32F4MDG.a(usart.o)
                0x0000000008000d24                dynamic_access<unsigned int, unsigned int>::reg_get(unsigned int)
 .text._ZN14dynamic_accessIjhE7reg_getEj
                0x0000000008000d32       0x10 /home/matt/Development/code/st/embedded studio/Untethered Prototype/../STM32F4MDG/Output/Debug/Exe/STM32F4MDG.a(usart.o)
                0x0000000008000d32                dynamic_access<unsigned int, unsigned char>::reg_get(unsigned int)
 .text._ZN4util15circular_bufferIhE3putEh
                0x0000000008000d42       0x72 /home/matt/Development/code/st/embedded studio/Untethered Prototype/../STM32F4MDG/Output/Debug/Exe/STM32F4MDG.a(usart.o)
                0x0000000008000d42                util::circular_buffer<unsigned char>::put(unsigned char)
 .text._ZN9I2CMasterC2Ej
                0x0000000008000db4      0x140 /home/matt/Development/code/st/embedded studio/Untethered Prototype/../STM32F4MDG/Output/Debug/Exe/STM32F4MDG.a(i2c.o)
                0x0000000008000db4                I2CMaster::I2CMaster(unsigned int)
                0x0000000008000db4                I2CMaster::I2CMaster(unsigned int)
 .text._ZN9I2CMaster9sendBytesEPhhh
                0x0000000008000ef4       0x68 /home/matt/Development/code/st/embedded studio/Untethered Prototype/../STM32F4MDG/Output/Debug/Exe/STM32F4MDG.a(i2c.o)
                0x0000000008000ef4                I2CMaster::sendBytes(unsigned char*, unsigned char, unsigned char)
 .text._ZN9I2CMaster10EV_handlerEv
                0x0000000008000f5c      0x10a /home/matt/Development/code/st/embedded studio/Untethered Prototype/../STM32F4MDG/Output/Debug/Exe/STM32F4MDG.a(i2c.o)
                0x0000000008000f5c                I2CMaster::EV_handler()
 *fill*         0x0000000008001066        0x2 
 .text._ZN9I2CMaster17registerInterruptEv
                0x0000000008001068       0x14 /home/matt/Development/code/st/embedded studio/Untethered Prototype/../STM32F4MDG/Output/Debug/Exe/STM32F4MDG.a(i2c.o)
                0x0000000008001068                I2CMaster::registerInterrupt()
 .text._ZN9I2CMaster16handleInterruptsEi
                0x000000000800107c       0x16 /home/matt/Development/code/st/embedded studio/Untethered Prototype/../STM32F4MDG/Output/Debug/Exe/STM32F4MDG.a(i2c.o)
                0x000000000800107c                I2CMaster::handleInterrupts(int)
 *fill*         0x0000000008001092        0x2 
 .text._ZN10reg_accessIjjLj1073887296ELj2097152EE6reg_orEv
                0x0000000008001094       0x14 /home/matt/Development/code/st/embedded studio/Untethered Prototype/../STM32F4MDG/Output/Debug/Exe/STM32F4MDG.a(i2c.o)
                0x0000000008001094                reg_access<unsigned int, unsigned int, 1073887296u, 2097152u>::reg_or()
 .text._ZN4GPIOILj1073873920ELj7ELj2ELj1ELj2ELj0ELj4EEC2Ev
                0x00000000080010a8       0x80 /home/matt/Development/code/st/embedded studio/Untethered Prototype/../STM32F4MDG/Output/Debug/Exe/STM32F4MDG.a(i2c.o)
                0x00000000080010a8                GPIO<1073873920u, 7u, 2u, 1u, 2u, 0u, 4u>::GPIO()
                0x00000000080010a8                GPIO<1073873920u, 7u, 2u, 1u, 2u, 0u, 4u>::GPIO()
 .text._ZN4GPIOILj1073873920ELj8ELj2ELj1ELj2ELj0ELj4EEC2Ev
                0x0000000008001128       0x80 /home/matt/Development/code/st/embedded studio/Untethered Prototype/../STM32F4MDG/Output/Debug/Exe/STM32F4MDG.a(i2c.o)
                0x0000000008001128                GPIO<1073873920u, 8u, 2u, 1u, 2u, 0u, 4u>::GPIO()
                0x0000000008001128                GPIO<1073873920u, 8u, 2u, 1u, 2u, 0u, 4u>::GPIO()
 .text._ZN14dynamic_accessIjtE6reg_orEjt
                0x00000000080011a8       0x22 /home/matt/Development/code/st/embedded studio/Untethered Prototype/../STM32F4MDG/Output/Debug/Exe/STM32F4MDG.a(i2c.o)
                0x00000000080011a8                dynamic_access<unsigned int, unsigned short>::reg_or(unsigned int, unsigned short)
 .text._ZN14dynamic_accessIjtE7reg_notEjt
                0x00000000080011ca       0x26 /home/matt/Development/code/st/embedded studio/Untethered Prototype/../STM32F4MDG/Output/Debug/Exe/STM32F4MDG.a(i2c.o)
                0x00000000080011ca                dynamic_access<unsigned int, unsigned short>::reg_not(unsigned int, unsigned short)
 .text._ZN14dynamic_accessIjtE7reg_getEj
                0x00000000080011f0       0x10 /home/matt/Development/code/st/embedded studio/Untethered Prototype/../STM32F4MDG/Output/Debug/Exe/STM32F4MDG.a(i2c.o)
                0x00000000080011f0                dynamic_access<unsigned int, unsigned short>::reg_get(unsigned int)
 .text._ZN14dynamic_accessIjhE7reg_setEjh
                0x0000000008001200       0x18 /home/matt/Development/code/st/embedded studio/Untethered Prototype/../STM32F4MDG/Output/Debug/Exe/STM32F4MDG.a(i2c.o)
                0x0000000008001200                dynamic_access<unsigned int, unsigned char>::reg_set(unsigned int, unsigned char)
 .text._ZN10reg_accessIjjLj1073873924ELj64EE6reg_orEv
                0x0000000008001218       0x14 /home/matt/Development/code/st/embedded studio/Untethered Prototype/../STM32F4MDG/Output/Debug/Exe/STM32F4MDG.a(i2c.o)
                0x0000000008001218                reg_access<unsigned int, unsigned int, 1073873924u, 64u>::reg_or()
 .text._ZN10reg_accessIjjLj1073873924ELj128EE6reg_orEv
                0x000000000800122c       0x14 /home/matt/Development/code/st/embedded studio/Untethered Prototype/../STM32F4MDG/Output/Debug/Exe/STM32F4MDG.a(i2c.o)
                0x000000000800122c                reg_access<unsigned int, unsigned int, 1073873924u, 128u>::reg_or()
 .text._ZN7ADC_INTC2Ej
                0x0000000008001240      0x184 /home/matt/Development/code/st/embedded studio/Untethered Prototype/../STM32F4MDG/Output/Debug/Exe/STM32F4MDG.a(adc.o)
                0x0000000008001240                ADC_INT::ADC_INT(unsigned int)
                0x0000000008001240                ADC_INT::ADC_INT(unsigned int)
 .text._ZN7ADC_INT9readValueEv
                0x00000000080013c4       0x3c /home/matt/Development/code/st/embedded studio/Untethered Prototype/../STM32F4MDG/Output/Debug/Exe/STM32F4MDG.a(adc.o)
                0x00000000080013c4                ADC_INT::readValue()
 .text._ZN7ADC_INT5DelayEj
                0x0000000008001400       0x22 /home/matt/Development/code/st/embedded studio/Untethered Prototype/../STM32F4MDG/Output/Debug/Exe/STM32F4MDG.a(adc.o)
                0x0000000008001400                ADC_INT::Delay(unsigned int)
 .text.libcpp.__cxa_pure_virtual
                0x0000000008001422        0x8 /usr/share/segger_embedded_studio_for_arm_4.16a/lib/libcpp_v7em_fpv4_sp_d16_hard_t_le_eabi.a(new.o)
                0x0000000008001422                __cxa_pure_virtual
                0x000000000800142a                __text_end__ = (__text_start__ + SIZEOF (.text))
                0x0000000000001002                __text_size__ = SIZEOF (.text)
                0x000000000800142a                __text_load_end__ = __text_end__

.vfp11_veneer   0x0000000100000000        0x0
 .vfp11_veneer  0x0000000100000000        0x0 linker stubs

.v4_bx          0x0000000100000000        0x0
 .v4_bx         0x0000000100000000        0x0 linker stubs

.iplt           0x0000000100000000        0x0
 .iplt          0x0000000100000000        0x0 Output/Untethered Prototype Debug/Obj/system_stm32f4xx.o
                0x0000000000000001                . = ASSERT (((__text_start__ == __text_end__) || ((__text_end__ - __FLASH_segment_start__) <= __FLASH_segment_size__)), error: .text is too large to fit in FLASH memory segment)
                0x000000000800142c                __dtors_load_start__ = ALIGN (__text_end__, 0x4)

.dtors          0x000000000800142c        0x0
                0x000000000800142c                __dtors_start__ = .
 *(SORT_BY_NAME(.dtors.*))
 *(.dtors)
 *(.fini_array)
 *(SORT_BY_NAME(.fini_array.*))
                0x000000000800142c                __dtors_end__ = (__dtors_start__ + SIZEOF (.dtors))
                0x0000000000000000                __dtors_size__ = SIZEOF (.dtors)
                0x000000000800142c                __dtors_load_end__ = __dtors_end__
                0x0000000000000001                . = ASSERT (((__dtors_start__ == __dtors_end__) || ((__dtors_end__ - __FLASH_segment_start__) <= __FLASH_segment_size__)), error: .dtors is too large to fit in FLASH memory segment)
                0x000000000800142c                __ctors_load_start__ = ALIGN (__dtors_end__, 0x4)

.ctors          0x000000000800142c        0x0
                0x000000000800142c                __ctors_start__ = .
 *(SORT_BY_NAME(.ctors.*))
 *(.ctors)
 *(.init_array)
 *(SORT_BY_NAME(.init_array.*))
                0x000000000800142c                __ctors_end__ = (__ctors_start__ + SIZEOF (.ctors))
                0x0000000000000000                __ctors_size__ = SIZEOF (.ctors)
                0x000000000800142c                __ctors_load_end__ = __ctors_end__
                0x0000000000000001                . = ASSERT (((__ctors_start__ == __ctors_end__) || ((__ctors_end__ - __FLASH_segment_start__) <= __FLASH_segment_size__)), error: .ctors is too large to fit in FLASH memory segment)
                0x000000000800142c                __rodata_load_start__ = ALIGN (__ctors_end__, 0x4)

.rodata         0x000000000800142c       0x68
                0x000000000800142c                __rodata_start__ = .
 *(.rodata .rodata.* .gnu.linkonce.r.*)
 .rodata._ZTV13interruptable
                0x000000000800142c       0x10 Output/Untethered Prototype Debug/Obj/interruptable.o
                0x000000000800142c                vtable for interruptable
 .rodata        0x000000000800143c       0x37 Output/Untethered Prototype Debug/Obj/main.o
 *fill*         0x0000000008001473        0x1 
 .rodata._ZTVN5USART5UsartE
                0x0000000008001474       0x10 /home/matt/Development/code/st/embedded studio/Untethered Prototype/../STM32F4MDG/Output/Debug/Exe/STM32F4MDG.a(usart.o)
                0x0000000008001474                vtable for USART::Usart
 .rodata._ZTV9I2CMaster
                0x0000000008001484       0x10 /home/matt/Development/code/st/embedded studio/Untethered Prototype/../STM32F4MDG/Output/Debug/Exe/STM32F4MDG.a(i2c.o)
                0x0000000008001484                vtable for I2CMaster
                0x0000000008001494                __rodata_end__ = (__rodata_start__ + SIZEOF (.rodata))
                0x0000000000000068                __rodata_size__ = SIZEOF (.rodata)
                0x0000000008001494                __rodata_load_end__ = __rodata_end__

.rel.dyn        0x0000000008000000        0x0
 .rel.iplt      0x0000000008000000        0x0 Output/Untethered Prototype Debug/Obj/system_stm32f4xx.o
                0x0000000000000001                . = ASSERT (((__rodata_start__ == __rodata_end__) || ((__rodata_end__ - __FLASH_segment_start__) <= __FLASH_segment_size__)), error: .rodata is too large to fit in FLASH memory segment)
                0x0000000008001494                __ARM.exidx_load_start__ = ALIGN (__rodata_end__, 0x4)

.ARM.exidx      0x0000000008001494        0x0
                0x0000000008001494                __ARM.exidx_start__ = .
                0x0000000008001494                __exidx_start = __ARM.exidx_start__
 *(.ARM.exidx .ARM.exidx.*)
                0x0000000008001494                __ARM.exidx_end__ = (__ARM.exidx_start__ + SIZEOF (.ARM.exidx))
                0x0000000000000000                __ARM.exidx_size__ = SIZEOF (.ARM.exidx)
                0x0000000008001494                __exidx_end = __ARM.exidx_end__
                0x0000000008001494                __ARM.exidx_load_end__ = __ARM.exidx_end__
                0x0000000000000001                . = ASSERT (((__ARM.exidx_start__ == __ARM.exidx_end__) || ((__ARM.exidx_end__ - __FLASH_segment_start__) <= __FLASH_segment_size__)), error: .ARM.exidx is too large to fit in FLASH memory segment)
                0x0000000008001494                __fast_load_start__ = ALIGN (__ARM.exidx_end__, 0x4)

.fast           0x0000000010000000        0x0 load address 0x0000000008001494
                0x0000000010000000                __fast_start__ = .
 *(.fast .fast.*)
                0x0000000010000000                __fast_end__ = (__fast_start__ + SIZEOF (.fast))
                0x0000000000000000                __fast_size__ = SIZEOF (.fast)
                0x0000000008001494                __fast_load_end__ = (__fast_load_start__ + SIZEOF (.fast))
                0x0000000000000001                . = ASSERT (((__fast_load_start__ == __fast_load_end__) || ((__fast_load_end__ - __FLASH_segment_start__) <= __FLASH_segment_size__)), error: .fast is too large to fit in FLASH memory segment)

.fast_run       0x0000000010000000        0x0
                0x0000000010000000                __fast_run_start__ = .
                0x0000000010000000                . = MAX ((__fast_run_start__ + SIZEOF (.fast)), .)
                0x0000000010000000                __fast_run_end__ = (__fast_run_start__ + SIZEOF (.fast_run))
                0x0000000000000000                __fast_run_size__ = SIZEOF (.fast_run)
                0x0000000010000000                __fast_run_load_end__ = __fast_run_end__
                0x0000000000000001                . = ASSERT (((__fast_run_start__ == __fast_run_end__) || ((__fast_run_end__ - __RAM_segment_start__) <= __RAM_segment_size__)), error: .fast_run is too large to fit in RAM memory segment)
                0x0000000008001494                __data_load_start__ = ALIGN ((__fast_load_start__ + SIZEOF (.fast)), 0x4)

.data           0x0000000010000000        0x0 load address 0x0000000008001494
                0x0000000010000000                __data_start__ = .
 *(.data .data.* .gnu.linkonce.d.*)
                0x0000000010000000                __data_end__ = (__data_start__ + SIZEOF (.data))
                0x0000000000000000                __data_size__ = SIZEOF (.data)
                0x0000000008001494                __data_load_end__ = (__data_load_start__ + SIZEOF (.data))

.igot.plt       0x0000000100000000        0x0
 .igot.plt      0x0000000100000000        0x0 Output/Untethered Prototype Debug/Obj/system_stm32f4xx.o
                0x0000000000000001                . = ASSERT (((__data_load_start__ == __data_load_end__) || ((__data_load_end__ - __FLASH_segment_start__) <= __FLASH_segment_size__)), error: .data is too large to fit in FLASH memory segment)

.data_run       0x0000000010000000        0x0
                0x0000000010000000                __data_run_start__ = .
                0x0000000010000000                . = MAX ((__data_run_start__ + SIZEOF (.data)), .)
                0x0000000010000000                __data_run_end__ = (__data_run_start__ + SIZEOF (.data_run))
                0x0000000000000000                __data_run_size__ = SIZEOF (.data_run)
                0x0000000010000000                __data_run_load_end__ = __data_run_end__
                0x0000000000000001                . = ASSERT (((__data_run_start__ == __data_run_end__) || ((__data_run_end__ - __RAM_segment_start__) <= __RAM_segment_size__)), error: .data_run is too large to fit in RAM memory segment)
                0x0000000010000000                __bss_load_start__ = ALIGN (__data_run_end__, 0x4)

.bss            0x0000000010000000        0x4
                0x0000000010000000                __bss_start__ = .
 *(.bss .bss.* .gnu.linkonce.b.*)
 .bss.handlerPointers
                0x0000000010000000        0x4 Output/Untethered Prototype Debug/Obj/interrupts.o
                0x0000000010000000                handlerPointers
 *(COMMON)
                0x0000000010000004                __bss_end__ = (__bss_start__ + SIZEOF (.bss))
                0x0000000000000004                __bss_size__ = SIZEOF (.bss)
                0x0000000010000004                __bss_load_end__ = __bss_end__
                0x0000000000000001                . = ASSERT (((__bss_start__ == __bss_end__) || ((__bss_end__ - __RAM_segment_start__) <= __RAM_segment_size__)), error: .bss is too large to fit in RAM memory segment)
                0x0000000010000004                __tbss_load_start__ = ALIGN (__bss_end__, 0x4)

.tbss           0x0000000010000004        0x0
                0x0000000010000004                __tbss_start__ = .
 *(.tbss .tbss.*)
                0x0000000010000004                __tbss_end__ = (__tbss_start__ + SIZEOF (.tbss))
                0x0000000000000000                __tbss_size__ = SIZEOF (.tbss)
                0x0000000010000004                __tbss_load_end__ = __tbss_end__
                0x0000000000000001                . = ASSERT (((__tbss_start__ == __tbss_end__) || ((__tbss_end__ - __RAM_segment_start__) <= __RAM_segment_size__)), error: .tbss is too large to fit in RAM memory segment)
                0x0000000008001494                __tdata_load_start__ = ALIGN ((__data_load_start__ + SIZEOF (.data)), 0x4)

.tdata          0x0000000010000004        0x0 load address 0x0000000008001494
                0x0000000010000004                __tdata_start__ = .
 *(.tdata .tdata.*)
                0x0000000010000004                __tdata_end__ = (__tdata_start__ + SIZEOF (.tdata))
                0x0000000000000000                __tdata_size__ = SIZEOF (.tdata)
                0x0000000008001494                __tdata_load_end__ = (__tdata_load_start__ + SIZEOF (.tdata))
                0x0000000008001494                __FLASH_segment_used_end__ = (ALIGN ((__data_load_start__ + SIZEOF (.data)), 0x4) + SIZEOF (.tdata))
                0x0000000000001494                __FLASH_segment_used_size__ = (__FLASH_segment_used_end__ - __FLASH_segment_start__)
                0x0000000000000001                . = ASSERT (((__tdata_load_start__ == __tdata_load_end__) || ((__tdata_load_end__ - __FLASH_segment_start__) <= __FLASH_segment_size__)), error: .tdata is too large to fit in FLASH memory segment)

.tdata_run      0x0000000010000004        0x0
                0x0000000010000004                __tdata_run_start__ = .
                0x0000000010000004                . = MAX ((__tdata_run_start__ + SIZEOF (.tdata)), .)
                0x0000000010000004                __tdata_run_end__ = (__tdata_run_start__ + SIZEOF (.tdata_run))
                0x0000000000000000                __tdata_run_size__ = SIZEOF (.tdata_run)
                0x0000000010000004                __tdata_run_load_end__ = __tdata_run_end__
                0x0000000000000001                . = ASSERT (((__tdata_run_start__ == __tdata_run_end__) || ((__tdata_run_end__ - __RAM_segment_start__) <= __RAM_segment_size__)), error: .tdata_run is too large to fit in RAM memory segment)
                0x0000000010000004                __non_init_load_start__ = ALIGN (__tdata_run_end__, 0x4)

.non_init       0x0000000010000004        0x0
                0x0000000010000004                __non_init_start__ = .
 *(.non_init .non_init.*)
                0x0000000010000004                __non_init_end__ = (__non_init_start__ + SIZEOF (.non_init))
                0x0000000000000000                __non_init_size__ = SIZEOF (.non_init)
                0x0000000010000004                __non_init_load_end__ = __non_init_end__
                0x0000000000000001                . = ASSERT (((__non_init_start__ == __non_init_end__) || ((__non_init_end__ - __RAM_segment_start__) <= __RAM_segment_size__)), error: .non_init is too large to fit in RAM memory segment)
                0x0000000010000004                __heap_load_start__ = ALIGN (__non_init_end__, 0x4)

.heap           0x0000000010000004      0x100
                0x0000000010000004                __heap_start__ = .
 *(.heap .heap.*)
                0x0000000010000104                . = ALIGN (MAX ((__heap_start__ + __HEAPSIZE__), .), 0x4)
 *fill*         0x0000000010000004      0x100 
                0x0000000010000104                __heap_end__ = (__heap_start__ + SIZEOF (.heap))
                0x0000000000000100                __heap_size__ = SIZEOF (.heap)
                0x0000000010000104                __heap_load_end__ = __heap_end__
                0x0000000000000001                . = ASSERT (((__heap_start__ == __heap_end__) || ((__heap_end__ - __RAM_segment_start__) <= __RAM_segment_size__)), error: .heap is too large to fit in RAM memory segment)
                0x000000001000ff00                __stack_load_start__ = (__RAM_segment_start__ + (__RAM_segment_size__ - 0x100))

.stack          0x000000001000ff00      0x100
                0x000000001000ff00                __stack_start__ = .
 *(.stack .stack.*)
                0x0000000010010000                . = ALIGN (MAX ((__stack_start__ + __STACKSIZE__), .), 0x8)
 *fill*         0x000000001000ff00      0x100 
                0x0000000010010000                __stack_end__ = (__stack_start__ + SIZEOF (.stack))
                0x0000000000000100                __stack_size__ = SIZEOF (.stack)
                0x0000000010010000                __stack_load_end__ = __stack_end__
                0x0000000000000001                . = ASSERT (((__stack_start__ == __stack_end__) || ((__stack_end__ - __RAM_segment_start__) <= __RAM_segment_size__)), error: .stack is too large to fit in RAM memory segment)
                0x0000000000000001                . = ASSERT ((__heap_end__ <= __stack_start__), error: section .heap overlaps absolute placed section .stack)
                0x0000000010010000                __stack_process_load_start__ = ALIGN (__stack_end__, 0x8)

.stack_process  0x0000000010010000        0x0
                0x0000000010010000                __stack_process_start__ = .
 *(.stack_process .stack_process.*)
                0x0000000010010000                . = ALIGN (MAX ((__stack_process_start__ + __STACKSIZE_PROCESS__), .), 0x8)
                0x0000000010010000                __stack_process_end__ = (__stack_process_start__ + SIZEOF (.stack_process))
                0x0000000000000000                __stack_process_size__ = SIZEOF (.stack_process)
                0x0000000010010000                __stack_process_load_end__ = __stack_process_end__
                0x0000000010010000                __RAM_segment_used_end__ = (ALIGN (__stack_end__, 0x8) + SIZEOF (.stack_process))
                0x0000000000010000                __RAM_segment_used_size__ = (__RAM_segment_used_end__ - __RAM_segment_start__)
                0x0000000000000001                . = ASSERT (((__stack_process_start__ == __stack_process_end__) || ((__stack_process_end__ - __RAM_segment_start__) <= __RAM_segment_size__)), error: .stack_process is too large to fit in RAM memory segment)
START GROUP
LOAD Output/Untethered Prototype Debug/Obj/system_stm32f4xx.o
LOAD Output/Untethered Prototype Debug/Obj/SEGGER_RTT.o
LOAD Output/Untethered Prototype Debug/Obj/SEGGER_RTT_SES.o
LOAD Output/Untethered Prototype Debug/Obj/interruptable.o
LOAD Output/Untethered Prototype Debug/Obj/interrupts.o
LOAD Output/Untethered Prototype Debug/Obj/misc.o
LOAD Output/Untethered Prototype Debug/Obj/main.o
LOAD Output/Untethered Prototype Debug/Obj/thumb_crt0.o
LOAD Output/Untethered Prototype Debug/Obj/STM32F4xx_Startup.o
LOAD Output/Untethered Prototype Debug/Obj/STM32F40x_Vectors.o
LOAD /home/matt/Development/code/st/embedded studio/Untethered Prototype/../STM32F4MDG/Output/Debug/Exe/STM32F4MDG.a
LOAD /usr/share/segger_embedded_studio_for_arm_4.16a/lib/libdebugio_mempoll_v7em_fpv4_sp_d16_hard_t_le_eabi.a
LOAD /usr/share/segger_embedded_studio_for_arm_4.16a/lib/libm_v7em_fpv4_sp_d16_hard_t_le_eabi.a
LOAD /usr/share/segger_embedded_studio_for_arm_4.16a/lib/libc_v7em_fpv4_sp_d16_hard_t_le_eabi.a
LOAD /usr/share/segger_embedded_studio_for_arm_4.16a/lib/libcpp_v7em_fpv4_sp_d16_hard_t_le_eabi.a
LOAD /usr/share/segger_embedded_studio_for_arm_4.16a/lib/libdebugio_v7em_fpv4_sp_d16_hard_t_le_eabi.a
LOAD /usr/share/segger_embedded_studio_for_arm_4.16a/lib/libvfprintf_v7em_fpv4_sp_d16_hard_t_le_eabi.o
LOAD /usr/share/segger_embedded_studio_for_arm_4.16a/lib/libvfscanf_v7em_fpv4_sp_d16_hard_t_le_eabi.o
END GROUP
OUTPUT(Output/Debug/Exe/Untethered Prototype.elf elf32-littlearm)

.debug_frame    0x0000000000000000      0x7d0
 .debug_frame   0x0000000000000000       0x40 Output/Untethered Prototype Debug/Obj/system_stm32f4xx.o
 .debug_frame   0x0000000000000040       0x30 Output/Untethered Prototype Debug/Obj/interruptable.o
 .debug_frame   0x0000000000000070       0x80 Output/Untethered Prototype Debug/Obj/interrupts.o
 .debug_frame   0x00000000000000f0       0xc8 Output/Untethered Prototype Debug/Obj/misc.o
 .debug_frame   0x00000000000001b8      0x170 Output/Untethered Prototype Debug/Obj/main.o
 .debug_frame   0x0000000000000328      0x198 /home/matt/Development/code/st/embedded studio/Untethered Prototype/../STM32F4MDG/Output/Debug/Exe/STM32F4MDG.a(usart.o)
 .debug_frame   0x00000000000004c0      0x228 /home/matt/Development/code/st/embedded studio/Untethered Prototype/../STM32F4MDG/Output/Debug/Exe/STM32F4MDG.a(i2c.o)
 .debug_frame   0x00000000000006e8       0xe8 /home/matt/Development/code/st/embedded studio/Untethered Prototype/../STM32F4MDG/Output/Debug/Exe/STM32F4MDG.a(adc.o)

.debug_info     0x0000000000000000    0x16cf1
 .debug_info    0x0000000000000000      0x514 Output/Untethered Prototype Debug/Obj/system_stm32f4xx.o
 .debug_info    0x0000000000000514      0x21f Output/Untethered Prototype Debug/Obj/interruptable.o
 .debug_info    0x0000000000000733      0x255 Output/Untethered Prototype Debug/Obj/interrupts.o
 .debug_info    0x0000000000000988      0x5d3 Output/Untethered Prototype Debug/Obj/misc.o
 .debug_info    0x0000000000000f5b     0x980a Output/Untethered Prototype Debug/Obj/main.o
 .debug_info    0x000000000000a765       0x22 Output/Untethered Prototype Debug/Obj/thumb_crt0.o
 .debug_info    0x000000000000a787       0x26 Output/Untethered Prototype Debug/Obj/STM32F4xx_Startup.o
 .debug_info    0x000000000000a7ad       0x26 Output/Untethered Prototype Debug/Obj/STM32F40x_Vectors.o
 .debug_info    0x000000000000a7d3     0x2268 /home/matt/Development/code/st/embedded studio/Untethered Prototype/../STM32F4MDG/Output/Debug/Exe/STM32F4MDG.a(usart.o)
 .debug_info    0x000000000000ca3b     0x29ce /home/matt/Development/code/st/embedded studio/Untethered Prototype/../STM32F4MDG/Output/Debug/Exe/STM32F4MDG.a(i2c.o)
 .debug_info    0x000000000000f409     0x78e8 /home/matt/Development/code/st/embedded studio/Untethered Prototype/../STM32F4MDG/Output/Debug/Exe/STM32F4MDG.a(adc.o)

.debug_abbrev   0x0000000000000000     0x186a
 .debug_abbrev  0x0000000000000000      0x12c Output/Untethered Prototype Debug/Obj/system_stm32f4xx.o
 .debug_abbrev  0x000000000000012c      0x18e Output/Untethered Prototype Debug/Obj/interruptable.o
 .debug_abbrev  0x00000000000002ba       0xfe Output/Untethered Prototype Debug/Obj/interrupts.o
 .debug_abbrev  0x00000000000003b8      0x1d0 Output/Untethered Prototype Debug/Obj/misc.o
 .debug_abbrev  0x0000000000000588      0x577 Output/Untethered Prototype Debug/Obj/main.o
 .debug_abbrev  0x0000000000000aff       0x12 Output/Untethered Prototype Debug/Obj/thumb_crt0.o
 .debug_abbrev  0x0000000000000b11       0x14 Output/Untethered Prototype Debug/Obj/STM32F4xx_Startup.o
 .debug_abbrev  0x0000000000000b25       0x14 Output/Untethered Prototype Debug/Obj/STM32F40x_Vectors.o
 .debug_abbrev  0x0000000000000b39      0x41a /home/matt/Development/code/st/embedded studio/Untethered Prototype/../STM32F4MDG/Output/Debug/Exe/STM32F4MDG.a(usart.o)
 .debug_abbrev  0x0000000000000f53      0x529 /home/matt/Development/code/st/embedded studio/Untethered Prototype/../STM32F4MDG/Output/Debug/Exe/STM32F4MDG.a(i2c.o)
 .debug_abbrev  0x000000000000147c      0x3ee /home/matt/Development/code/st/embedded studio/Untethered Prototype/../STM32F4MDG/Output/Debug/Exe/STM32F4MDG.a(adc.o)

.debug_pubnames
                0x0000000000000000    0x21601
 .debug_pubnames
                0x0000000000000000       0x73 Output/Untethered Prototype Debug/Obj/system_stm32f4xx.o
 .debug_pubnames
                0x0000000000000073       0x33 Output/Untethered Prototype Debug/Obj/interruptable.o
 .debug_pubnames
                0x00000000000000a6      0x135 Output/Untethered Prototype Debug/Obj/interrupts.o
 .debug_pubnames
                0x00000000000001db       0xd3 Output/Untethered Prototype Debug/Obj/misc.o
 .debug_pubnames
                0x00000000000002ae     0xf93f Output/Untethered Prototype Debug/Obj/main.o
 .debug_pubnames
                0x000000000000fbed     0x27f3 /home/matt/Development/code/st/embedded studio/Untethered Prototype/../STM32F4MDG/Output/Debug/Exe/STM32F4MDG.a(usart.o)
 .debug_pubnames
                0x00000000000123e0     0x2826 /home/matt/Development/code/st/embedded studio/Untethered Prototype/../STM32F4MDG/Output/Debug/Exe/STM32F4MDG.a(i2c.o)
 .debug_pubnames
                0x0000000000014c06     0xc9fb /home/matt/Development/code/st/embedded studio/Untethered Prototype/../STM32F4MDG/Output/Debug/Exe/STM32F4MDG.a(adc.o)

.debug_pubtypes
                0x0000000000000000     0x1333
 .debug_pubtypes
                0x0000000000000000       0xe1 Output/Untethered Prototype Debug/Obj/system_stm32f4xx.o
 .debug_pubtypes
                0x00000000000000e1       0xd6 Output/Untethered Prototype Debug/Obj/interruptable.o
 .debug_pubtypes
                0x00000000000001b7      0x136 Output/Untethered Prototype Debug/Obj/interrupts.o
 .debug_pubtypes
                0x00000000000002ed      0x119 Output/Untethered Prototype Debug/Obj/misc.o
 .debug_pubtypes
                0x0000000000000406      0x4c1 Output/Untethered Prototype Debug/Obj/main.o
 .debug_pubtypes
                0x00000000000008c7      0x300 /home/matt/Development/code/st/embedded studio/Untethered Prototype/../STM32F4MDG/Output/Debug/Exe/STM32F4MDG.a(usart.o)
 .debug_pubtypes
                0x0000000000000bc7      0x535 /home/matt/Development/code/st/embedded studio/Untethered Prototype/../STM32F4MDG/Output/Debug/Exe/STM32F4MDG.a(i2c.o)
 .debug_pubtypes
                0x00000000000010fc      0x237 /home/matt/Development/code/st/embedded studio/Untethered Prototype/../STM32F4MDG/Output/Debug/Exe/STM32F4MDG.a(adc.o)

.debug_aranges  0x0000000000000000      0x348
 .debug_aranges
                0x0000000000000000       0x28 Output/Untethered Prototype Debug/Obj/system_stm32f4xx.o
 .debug_aranges
                0x0000000000000028       0x20 Output/Untethered Prototype Debug/Obj/interruptable.o
 .debug_aranges
                0x0000000000000048       0x38 Output/Untethered Prototype Debug/Obj/interrupts.o
 .debug_aranges
                0x0000000000000080       0x40 Output/Untethered Prototype Debug/Obj/misc.o
 .debug_aranges
                0x00000000000000c0       0x70 Output/Untethered Prototype Debug/Obj/main.o
 .debug_aranges
                0x0000000000000130       0x80 Output/Untethered Prototype Debug/Obj/thumb_crt0.o
 .debug_aranges
                0x00000000000001b0       0x20 Output/Untethered Prototype Debug/Obj/STM32F4xx_Startup.o
 .debug_aranges
                0x00000000000001d0       0x20 Output/Untethered Prototype Debug/Obj/STM32F40x_Vectors.o
 .debug_aranges
                0x00000000000001f0       0x70 /home/matt/Development/code/st/embedded studio/Untethered Prototype/../STM32F4MDG/Output/Debug/Exe/STM32F4MDG.a(usart.o)
 .debug_aranges
                0x0000000000000260       0xa0 /home/matt/Development/code/st/embedded studio/Untethered Prototype/../STM32F4MDG/Output/Debug/Exe/STM32F4MDG.a(i2c.o)
 .debug_aranges
                0x0000000000000300       0x48 /home/matt/Development/code/st/embedded studio/Untethered Prototype/../STM32F4MDG/Output/Debug/Exe/STM32F4MDG.a(adc.o)

.debug_ranges   0x0000000000000000      0x280
 .debug_ranges  0x0000000000000000       0x18 Output/Untethered Prototype Debug/Obj/system_stm32f4xx.o
 .debug_ranges  0x0000000000000018       0x10 Output/Untethered Prototype Debug/Obj/interruptable.o
 .debug_ranges  0x0000000000000028       0x28 Output/Untethered Prototype Debug/Obj/interrupts.o
 .debug_ranges  0x0000000000000050       0x30 Output/Untethered Prototype Debug/Obj/misc.o
 .debug_ranges  0x0000000000000080       0x60 Output/Untethered Prototype Debug/Obj/main.o
 .debug_ranges  0x00000000000000e0       0x78 Output/Untethered Prototype Debug/Obj/thumb_crt0.o
 .debug_ranges  0x0000000000000158       0x60 /home/matt/Development/code/st/embedded studio/Untethered Prototype/../STM32F4MDG/Output/Debug/Exe/STM32F4MDG.a(usart.o)
 .debug_ranges  0x00000000000001b8       0x90 /home/matt/Development/code/st/embedded studio/Untethered Prototype/../STM32F4MDG/Output/Debug/Exe/STM32F4MDG.a(i2c.o)
 .debug_ranges  0x0000000000000248       0x38 /home/matt/Development/code/st/embedded studio/Untethered Prototype/../STM32F4MDG/Output/Debug/Exe/STM32F4MDG.a(adc.o)

.debug_macro    0x0000000000000000    0x2e841
 .debug_macro   0x0000000000000000       0x93 Output/Untethered Prototype Debug/Obj/system_stm32f4xx.o
 .debug_macro   0x0000000000000093      0xac0 Output/Untethered Prototype Debug/Obj/system_stm32f4xx.o
 .debug_macro   0x0000000000000b53       0x33 Output/Untethered Prototype Debug/Obj/system_stm32f4xx.o
 .debug_macro   0x0000000000000b86       0x28 Output/Untethered Prototype Debug/Obj/system_stm32f4xx.o
 .debug_macro   0x0000000000000bae      0x1a3 Output/Untethered Prototype Debug/Obj/system_stm32f4xx.o
 .debug_macro   0x0000000000000d51       0x35 Output/Untethered Prototype Debug/Obj/system_stm32f4xx.o
 .debug_macro   0x0000000000000d86       0x50 Output/Untethered Prototype Debug/Obj/system_stm32f4xx.o
 .debug_macro   0x0000000000000dd6      0xe66 Output/Untethered Prototype Debug/Obj/system_stm32f4xx.o
 .debug_macro   0x0000000000001c3c    0x14194 Output/Untethered Prototype Debug/Obj/system_stm32f4xx.o
 .debug_macro   0x0000000000015dd0       0x43 Output/Untethered Prototype Debug/Obj/system_stm32f4xx.o
 .debug_macro   0x0000000000015e13       0x99 Output/Untethered Prototype Debug/Obj/interruptable.o
 .debug_macro   0x0000000000015eac      0xb98 Output/Untethered Prototype Debug/Obj/interruptable.o
 .debug_macro   0x0000000000016a44      0xe66 Output/Untethered Prototype Debug/Obj/interruptable.o
 .debug_macro   0x00000000000178aa       0x99 Output/Untethered Prototype Debug/Obj/interrupts.o
 .debug_macro   0x0000000000017943       0x96 Output/Untethered Prototype Debug/Obj/misc.o
 .debug_macro   0x00000000000179d9       0x7c Output/Untethered Prototype Debug/Obj/misc.o
 .debug_macro   0x0000000000017a55      0x136 Output/Untethered Prototype Debug/Obj/main.o
 .debug_macro   0x0000000000017b8b       0x82 Output/Untethered Prototype Debug/Obj/main.o
 .debug_macro   0x0000000000017c0d       0xf2 /home/matt/Development/code/st/embedded studio/Untethered Prototype/../STM32F4MDG/Output/Debug/Exe/STM32F4MDG.a(usart.o)
 .debug_macro   0x0000000000017cff      0xb98 /home/matt/Development/code/st/embedded studio/Untethered Prototype/../STM32F4MDG/Output/Debug/Exe/STM32F4MDG.a(usart.o)
 .debug_macro   0x0000000000018897       0x28 /home/matt/Development/code/st/embedded studio/Untethered Prototype/../STM32F4MDG/Output/Debug/Exe/STM32F4MDG.a(usart.o)
 .debug_macro   0x00000000000188bf    0x15d7f /home/matt/Development/code/st/embedded studio/Untethered Prototype/../STM32F4MDG/Output/Debug/Exe/STM32F4MDG.a(usart.o)
 .debug_macro   0x000000000002e63e       0xd8 /home/matt/Development/code/st/embedded studio/Untethered Prototype/../STM32F4MDG/Output/Debug/Exe/STM32F4MDG.a(i2c.o)
 .debug_macro   0x000000000002e716       0x3b /home/matt/Development/code/st/embedded studio/Untethered Prototype/../STM32F4MDG/Output/Debug/Exe/STM32F4MDG.a(i2c.o)
 .debug_macro   0x000000000002e751       0xf0 /home/matt/Development/code/st/embedded studio/Untethered Prototype/../STM32F4MDG/Output/Debug/Exe/STM32F4MDG.a(adc.o)

.debug_line     0x0000000000000000     0x2316
 .debug_line    0x0000000000000000      0x2e3 Output/Untethered Prototype Debug/Obj/system_stm32f4xx.o
 .debug_line    0x00000000000002e3      0x236 Output/Untethered Prototype Debug/Obj/interruptable.o
 .debug_line    0x0000000000000519      0x292 Output/Untethered Prototype Debug/Obj/interrupts.o
 .debug_line    0x00000000000007ab      0x39b Output/Untethered Prototype Debug/Obj/misc.o
 .debug_line    0x0000000000000b46      0x554 Output/Untethered Prototype Debug/Obj/main.o
 .debug_line    0x000000000000109a      0x1eb Output/Untethered Prototype Debug/Obj/thumb_crt0.o
 .debug_line    0x0000000000001285       0xb2 Output/Untethered Prototype Debug/Obj/STM32F4xx_Startup.o
 .debug_line    0x0000000000001337       0xef Output/Untethered Prototype Debug/Obj/STM32F40x_Vectors.o
 .debug_line    0x0000000000001426      0x51c /home/matt/Development/code/st/embedded studio/Untethered Prototype/../STM32F4MDG/Output/Debug/Exe/STM32F4MDG.a(usart.o)
 .debug_line    0x0000000000001942      0x580 /home/matt/Development/code/st/embedded studio/Untethered Prototype/../STM32F4MDG/Output/Debug/Exe/STM32F4MDG.a(i2c.o)
 .debug_line    0x0000000000001ec2      0x454 /home/matt/Development/code/st/embedded studio/Untethered Prototype/../STM32F4MDG/Output/Debug/Exe/STM32F4MDG.a(adc.o)

.debug_str      0x0000000000000000    0x88e33
 .debug_str     0x0000000000000000    0x793dd Output/Untethered Prototype Debug/Obj/system_stm32f4xx.o
                                      0x7947a (size before relaxing)
 .debug_str     0x00000000000793dd      0x744 Output/Untethered Prototype Debug/Obj/interruptable.o
                                      0x7976d (size before relaxing)
 .debug_str     0x0000000000079b21      0x1a3 Output/Untethered Prototype Debug/Obj/interrupts.o
                                      0x797e5 (size before relaxing)
 .debug_str     0x0000000000079cc4      0x7e7 Output/Untethered Prototype Debug/Obj/misc.o
                                      0x7995e (size before relaxing)
 .debug_str     0x000000000007a4ab     0x35c4 Output/Untethered Prototype Debug/Obj/main.o
                                      0x7d2f5 (size before relaxing)
 .debug_str     0x000000000007da6f       0x60 Output/Untethered Prototype Debug/Obj/thumb_crt0.o
                                         0xa4 (size before relaxing)
 .debug_str     0x000000000007dacf       0x69 Output/Untethered Prototype Debug/Obj/STM32F4xx_Startup.o
                                         0xbc (size before relaxing)
 .debug_str     0x000000000007db38       0x69 Output/Untethered Prototype Debug/Obj/STM32F40x_Vectors.o
                                         0xbc (size before relaxing)
 .debug_str     0x000000000007dba1     0xa7ca /home/matt/Development/code/st/embedded studio/Untethered Prototype/../STM32F4MDG/Output/Debug/Exe/STM32F4MDG.a(usart.o)
                                      0x853ee (size before relaxing)
 .debug_str     0x000000000008836b      0xa67 /home/matt/Development/code/st/embedded studio/Untethered Prototype/../STM32F4MDG/Output/Debug/Exe/STM32F4MDG.a(i2c.o)
                                      0x85d6f (size before relaxing)
 .debug_str     0x0000000000088dd2       0x61 /home/matt/Development/code/st/embedded studio/Untethered Prototype/../STM32F4MDG/Output/Debug/Exe/STM32F4MDG.a(adc.o)
                                      0x85c4c (size before relaxing)

.comment        0x0000000000000000       0x43
 .comment       0x0000000000000000       0x43 Output/Untethered Prototype Debug/Obj/system_stm32f4xx.o
                                         0x44 (size before relaxing)
 .comment       0x0000000000000043       0x44 Output/Untethered Prototype Debug/Obj/interruptable.o
 .comment       0x0000000000000043       0x44 Output/Untethered Prototype Debug/Obj/interrupts.o
 .comment       0x0000000000000043       0x44 Output/Untethered Prototype Debug/Obj/misc.o
 .comment       0x0000000000000043       0x44 Output/Untethered Prototype Debug/Obj/main.o
 .comment       0x0000000000000043       0x44 /home/matt/Development/code/st/embedded studio/Untethered Prototype/../STM32F4MDG/Output/Debug/Exe/STM32F4MDG.a(usart.o)
 .comment       0x0000000000000043       0x44 /home/matt/Development/code/st/embedded studio/Untethered Prototype/../STM32F4MDG/Output/Debug/Exe/STM32F4MDG.a(i2c.o)
 .comment       0x0000000000000043       0x44 /home/matt/Development/code/st/embedded studio/Untethered Prototype/../STM32F4MDG/Output/Debug/Exe/STM32F4MDG.a(adc.o)
 .comment       0x0000000000000043       0x44 /usr/share/segger_embedded_studio_for_arm_4.16a/lib/libcpp_v7em_fpv4_sp_d16_hard_t_le_eabi.a(new.o)

.ARM.attributes
                0x0000000000000000       0x37
 .ARM.attributes
                0x0000000000000000       0x39 Output/Untethered Prototype Debug/Obj/system_stm32f4xx.o
 .ARM.attributes
                0x0000000000000039       0x39 Output/Untethered Prototype Debug/Obj/interruptable.o
 .ARM.attributes
                0x0000000000000072       0x39 Output/Untethered Prototype Debug/Obj/interrupts.o
 .ARM.attributes
                0x00000000000000ab       0x39 Output/Untethered Prototype Debug/Obj/misc.o
 .ARM.attributes
                0x00000000000000e4       0x39 Output/Untethered Prototype Debug/Obj/main.o
 .ARM.attributes
                0x000000000000011d       0x25 Output/Untethered Prototype Debug/Obj/thumb_crt0.o
 .ARM.attributes
                0x0000000000000142       0x25 Output/Untethered Prototype Debug/Obj/STM32F4xx_Startup.o
 .ARM.attributes
                0x0000000000000167       0x25 Output/Untethered Prototype Debug/Obj/STM32F40x_Vectors.o
 .ARM.attributes
                0x000000000000018c       0x39 /home/matt/Development/code/st/embedded studio/Untethered Prototype/../STM32F4MDG/Output/Debug/Exe/STM32F4MDG.a(usart.o)
 .ARM.attributes
                0x00000000000001c5       0x39 /home/matt/Development/code/st/embedded studio/Untethered Prototype/../STM32F4MDG/Output/Debug/Exe/STM32F4MDG.a(i2c.o)
 .ARM.attributes
                0x00000000000001fe       0x39 /home/matt/Development/code/st/embedded studio/Untethered Prototype/../STM32F4MDG/Output/Debug/Exe/STM32F4MDG.a(adc.o)
 .ARM.attributes
                0x0000000000000237       0x34 /usr/share/segger_embedded_studio_for_arm_4.16a/lib/libcpp_v7em_fpv4_sp_d16_hard_t_le_eabi.a(new.o)
